MO ram256x8s NULL ../verilog/top.v vlg74/ram256x8s.bin 1768719363
MO ring64 NULL ../verilog/top.v vlg7A/ring64.bin 1768719363
MO ram400x1s NULL ../verilog/top.v vlg18/ram400x1s.bin 1768719363
MO lfsre NULL ../verilog/top.v vlg54/lfsre.bin 1768719363
MO RAM_SPRVAL NULL ../verilog/generated.v vlg5B/_r_a_m___s_p_r_v_a_l.bin 1768719363
MO mRAM128X1D NULL ../verilog/top.v vlg15/m_r_a_m128_x1_d.bin 1768719363
MO buart NULL ../j1demo/verilog/uart.v vlg0A/buart.bin 1768719363
MO ram448x1s NULL ../verilog/top.v vlg44/ram448x1s.bin 1768719363
MO ck_div NULL ../j1demo/verilog/ck_div.v vlg64/ck__div.bin 1768719363
MO ram32x8d NULL ../verilog/top.v vlg25/ram32x8d.bin 1768719363
MO ram400x7s NULL ../verilog/top.v vlg36/ram400x7s.bin 1768719363
MO ram64x8d NULL ../verilog/top.v vlg72/ram64x8d.bin 1768719363
MO ram400x8s NULL ../verilog/top.v vlg3B/ram400x8s.bin 1768719363
MO rxuart NULL ../j1demo/verilog/uart.v vlg5A/rxuart.bin 1768719363
MO ram400x9s NULL ../verilog/top.v vlg40/ram400x9s.bin 1768719363
MO ram32x8s NULL ../verilog/top.v vlg34/ram32x8s.bin 1768719363
MO RAM_PAL NULL ../verilog/generated.v vlg18/_r_a_m___p_a_l.bin 1768719363
MO ram32x8rd NULL ../verilog/top.v vlg63/ram32x8rd.bin 1768719363
MO ram64x8s NULL ../verilog/top.v vlg01/ram64x8s.bin 1768719363
MO RAM_SPRPAL NULL ../verilog/generated.v vlg45/_r_a_m___s_p_r_p_a_l.bin 1768719363
MO top NULL ../verilog/top.v vlg6F/top.bin 1768719363
MO ram448x9s NULL ../verilog/top.v vlg6C/ram448x9s.bin 1768719363
MO SPI_memory NULL ../verilog/top.v vlg24/_s_p_i__memory.bin 1768719363
MO oldram256x1s NULL ../verilog/top.v vlg24/oldram256x1s.bin 1768719363
MO ram128x8rd NULL ../verilog/top.v vlg5D/ram128x8rd.bin 1768719363
MO ram8_8 NULL ../j1demo/verilog/rams.v vlg2F/ram8__8.bin 1768719363
MO ram256x8rd NULL ../verilog/top.v vlg23/ram256x8rd.bin 1768719363
MO RAM_CODEH NULL ../verilog/generated.v vlg4A/_r_a_m___c_o_d_e_h.bin 1768719363
MO mRAM32X1D NULL ../verilog/top.v vlg2F/m_r_a_m32_x1_d.bin 1768719363
MO mRAM64X1D NULL ../verilog/top.v vlg7C/m_r_a_m64_x1_d.bin 1768719363
MO RAM_CODEL NULL ../verilog/generated.v vlg4E/_r_a_m___c_o_d_e_l.bin 1768719363
MO baudgen NULL ../j1demo/verilog/uart.v vlg76/baudgen.bin 1768719363
MO RAM_SPRIMG NULL ../verilog/generated.v vlg4D/_r_a_m___s_p_r_i_m_g.bin 1768719363
MO mRAM256X1D NULL ../verilog/top.v vlg23/m_r_a_m256_x1_d.bin 1768719363
MO ram256x1s NULL ../verilog/top.v vlg51/ram256x1s.bin 1768719363
MO fifo NULL ../verilog/fifo.v vlg7C/fifo.bin 1768719363
MO uart NULL ../j1demo/verilog/uart.v vlg48/uart.bin 1768719363
MO RAM_CHR NULL ../verilog/generated.v vlg7C/_r_a_m___c_h_r.bin 1768719363
MO RAM_PICTURE NULL ../verilog/generated.v vlg77/_r_a_m___p_i_c_t_u_r_e.bin 1768719363
MO dac NULL ../verilog/top.v vlg0C/dac.bin 1768719363
MO j0 NULL ../verilog/j0.v vlg42/j0.bin 1768719363
